'R' register area map
;* Main file 'C:\MOSAICAPP\SPSZL-PLC-ZAKLADAC\ZAKLADACCERVENYSIN\ZAKLADACCERVENY\ZAKLADACCERVENY.MAK'

R    0   	 = USINT OI1073_KEYB	; 
R    1   :  80   = USINT OI1073_VIDEORAM [80]{0..79}	; 
	R1	  > USINT OI1073_VIDEORAM[0]{0}
	R2	  > USINT OI1073_VIDEORAM[1]{1}
	R3	  > USINT OI1073_VIDEORAM[2]{2}
	R4	  > USINT OI1073_VIDEORAM[3]{3}
	R5	  > USINT OI1073_VIDEORAM[4]{4}
	R6	  > USINT OI1073_VIDEORAM[5]{5}
	R7	  > USINT OI1073_VIDEORAM[6]{6}
	R8	  > USINT OI1073_VIDEORAM[7]{7}
	R9	  > USINT OI1073_VIDEORAM[8]{8}
	R10	  > USINT OI1073_VIDEORAM[9]{9}
	R11	  > USINT OI1073_VIDEORAM[10]{10}
	R12	  > USINT OI1073_VIDEORAM[11]{11}
	R13	  > USINT OI1073_VIDEORAM[12]{12}
	R14	  > USINT OI1073_VIDEORAM[13]{13}
	R15	  > USINT OI1073_VIDEORAM[14]{14}
	R16	  > USINT OI1073_VIDEORAM[15]{15}
	R17	  > USINT OI1073_VIDEORAM[16]{16}
	R18	  > USINT OI1073_VIDEORAM[17]{17}
	R19	  > USINT OI1073_VIDEORAM[18]{18}
	R20	  > USINT OI1073_VIDEORAM[19]{19}
	R21	  > USINT OI1073_VIDEORAM[20]{20}
	R22	  > USINT OI1073_VIDEORAM[21]{21}
	R23	  > USINT OI1073_VIDEORAM[22]{22}
	R24	  > USINT OI1073_VIDEORAM[23]{23}
	R25	  > USINT OI1073_VIDEORAM[24]{24}
	R26	  > USINT OI1073_VIDEORAM[25]{25}
	R27	  > USINT OI1073_VIDEORAM[26]{26}
	R28	  > USINT OI1073_VIDEORAM[27]{27}
	R29	  > USINT OI1073_VIDEORAM[28]{28}
	R30	  > USINT OI1073_VIDEORAM[29]{29}
	R31	  > USINT OI1073_VIDEORAM[30]{30}
	R32	  > USINT OI1073_VIDEORAM[31]{31}
	R33	  > USINT OI1073_VIDEORAM[32]{32}
	R34	  > USINT OI1073_VIDEORAM[33]{33}
	R35	  > USINT OI1073_VIDEORAM[34]{34}
	R36	  > USINT OI1073_VIDEORAM[35]{35}
	R37	  > USINT OI1073_VIDEORAM[36]{36}
	R38	  > USINT OI1073_VIDEORAM[37]{37}
	R39	  > USINT OI1073_VIDEORAM[38]{38}
	R40	  > USINT OI1073_VIDEORAM[39]{39}
	R41	  > USINT OI1073_VIDEORAM[40]{40}
	R42	  > USINT OI1073_VIDEORAM[41]{41}
	R43	  > USINT OI1073_VIDEORAM[42]{42}
	R44	  > USINT OI1073_VIDEORAM[43]{43}
	R45	  > USINT OI1073_VIDEORAM[44]{44}
	R46	  > USINT OI1073_VIDEORAM[45]{45}
	R47	  > USINT OI1073_VIDEORAM[46]{46}
	R48	  > USINT OI1073_VIDEORAM[47]{47}
	R49	  > USINT OI1073_VIDEORAM[48]{48}
	R50	  > USINT OI1073_VIDEORAM[49]{49}
	R51	  > USINT OI1073_VIDEORAM[50]{50}
	R52	  > USINT OI1073_VIDEORAM[51]{51}
	R53	  > USINT OI1073_VIDEORAM[52]{52}
	R54	  > USINT OI1073_VIDEORAM[53]{53}
	R55	  > USINT OI1073_VIDEORAM[54]{54}
	R56	  > USINT OI1073_VIDEORAM[55]{55}
	R57	  > USINT OI1073_VIDEORAM[56]{56}
	R58	  > USINT OI1073_VIDEORAM[57]{57}
	R59	  > USINT OI1073_VIDEORAM[58]{58}
	R60	  > USINT OI1073_VIDEORAM[59]{59}
	R61	  > USINT OI1073_VIDEORAM[60]{60}
	R62	  > USINT OI1073_VIDEORAM[61]{61}
	R63	  > USINT OI1073_VIDEORAM[62]{62}
	R64	  > USINT OI1073_VIDEORAM[63]{63}
	R65	  > USINT OI1073_VIDEORAM[64]{64}
	R66	  > USINT OI1073_VIDEORAM[65]{65}
	R67	  > USINT OI1073_VIDEORAM[66]{66}
	R68	  > USINT OI1073_VIDEORAM[67]{67}
	R69	  > USINT OI1073_VIDEORAM[68]{68}
	R70	  > USINT OI1073_VIDEORAM[69]{69}
	R71	  > USINT OI1073_VIDEORAM[70]{70}
	R72	  > USINT OI1073_VIDEORAM[71]{71}
	R73	  > USINT OI1073_VIDEORAM[72]{72}
	R74	  > USINT OI1073_VIDEORAM[73]{73}
	R75	  > USINT OI1073_VIDEORAM[74]{74}
	R76	  > USINT OI1073_VIDEORAM[75]{75}
	R77	  > USINT OI1073_VIDEORAM[76]{76}
	R78	  > USINT OI1073_VIDEORAM[77]{77}
	R79	  > USINT OI1073_VIDEORAM[78]{78}
	R80	  > USINT OI1073_VIDEORAM[79]{79}
R   81   	 =PRGMAIN MAIN	; 
	R81	  > BYTE  MAIN~DUMMY

No errors.


;* Map completed.
